0 verbose cli /usr/bin/node /usr/bin/npm
1 info using npm@9.2.0
2 info using node@v18.19.1
3 timing npm:load:whichnode Completed in 0ms
4 timing config:load:defaults Completed in 4ms
5 timing config:load:file:/usr/share/nodejs/npm/npmrc Completed in 8ms
6 timing config:load:builtin Completed in 8ms
7 timing config:load:cli Completed in 4ms
8 timing config:load:env Completed in 1ms
9 timing config:load:file:/home/naveen/devops-project/backend/.npmrc Completed in 1ms
10 timing config:load:project Completed in 5ms
11 timing config:load:file:/home/naveen/.npmrc Completed in 0ms
12 timing config:load:user Completed in 1ms
13 timing config:load:file:/etc/npmrc Completed in 0ms
14 timing config:load:global Completed in 0ms
15 timing config:load:setEnvs Completed in 1ms
16 timing config:load Completed in 25ms
17 timing npm:load:configload Completed in 25ms
18 timing npm:load:mkdirpcache Completed in 1ms
19 timing npm:load:mkdirplogs Completed in 1ms
20 verbose title npm install axios
21 verbose argv "install" "axios"
22 timing npm:load:setTitle Completed in 3ms
23 timing config:load:flatten Completed in 4ms
24 timing npm:load:display Completed in 5ms
25 verbose logfile logs-max:10 dir:/home/naveen/.npm/_logs/2026-05-22T15_05_48_454Z-
26 verbose logfile /home/naveen/.npm/_logs/2026-05-22T15_05_48_454Z-debug-0.log
27 timing npm:load:logFile Completed in 9ms
28 timing npm:load:timers Completed in 1ms
29 timing npm:load:configScope Completed in 0ms
30 timing npm:load Completed in 46ms
31 silly logfile done cleaning log files
32 timing config:load:flatten Completed in 1ms
33 timing arborist:ctor Completed in 1ms
34 timing arborist:ctor Completed in 0ms
35 timing idealTree:init Completed in 18ms
36 timing idealTree:userRequests Completed in 4ms
37 silly idealTree buildDeps
38 silly fetch manifest axios@*
39 http fetch GET 200 https://registry.npmjs.org/axios 1234ms (cache miss)
40 silly placeDep ROOT axios@1.16.1 OK for:  want: *
41 silly fetch manifest follow-redirects@^1.16.0
42 silly fetch manifest form-data@^4.0.5
43 silly fetch manifest https-proxy-agent@^5.0.1
44 silly fetch manifest proxy-from-env@^2.1.0
45 http fetch GET 200 https://registry.npmjs.org/proxy-from-env 79ms (cache miss)
46 http fetch GET 200 https://registry.npmjs.org/form-data 85ms (cache miss)
47 http fetch GET 200 https://registry.npmjs.org/https-proxy-agent 86ms (cache miss)
48 http fetch GET 200 https://registry.npmjs.org/follow-redirects 323ms (cache miss)
49 timing idealTree:#root Completed in 1579ms
50 silly placeDep ROOT follow-redirects@1.16.0 OK for: axios@1.16.1 want: ^1.16.0
51 silly placeDep ROOT form-data@4.0.5 OK for: axios@1.16.1 want: ^4.0.5
52 silly placeDep ROOT https-proxy-agent@5.0.1 OK for: axios@1.16.1 want: ^5.0.1
53 silly placeDep ROOT proxy-from-env@2.1.0 OK for: axios@1.16.1 want: ^2.1.0
54 silly fetch manifest asynckit@^0.4.0
55 silly fetch manifest combined-stream@^1.0.8
56 silly fetch manifest es-set-tostringtag@^2.1.0
57 silly fetch manifest hasown@^2.0.2
58 silly fetch manifest mime-types@^2.1.12
59 silly fetch manifest debug@4
60 silly fetch manifest agent-base@6
61 http fetch GET 200 https://registry.npmjs.org/debug 48ms (cache hit)
62 http fetch GET 200 https://registry.npmjs.org/hasown 56ms (cache miss)
63 http fetch GET 200 https://registry.npmjs.org/es-set-tostringtag 59ms (cache miss)
64 http fetch GET 200 https://registry.npmjs.org/combined-stream 62ms (cache miss)
65 http fetch GET 200 https://registry.npmjs.org/agent-base 80ms (cache miss)
66 http fetch GET 200 https://registry.npmjs.org/mime-types 90ms (cache miss)
67 http fetch GET 200 https://registry.npmjs.org/asynckit 278ms (cache miss)
68 timing idealTree:node_modules/axios Completed in 292ms
69 timing idealTree:node_modules/follow-redirects Completed in 0ms
70 silly placeDep ROOT asynckit@0.4.0 OK for: form-data@4.0.5 want: ^0.4.0
71 silly placeDep ROOT combined-stream@1.0.8 OK for: form-data@4.0.5 want: ^1.0.8
72 silly placeDep ROOT es-set-tostringtag@2.1.0 OK for: form-data@4.0.5 want: ^2.1.0
73 silly placeDep ROOT hasown@2.0.3 OK for: form-data@4.0.5 want: ^2.0.2
74 silly placeDep ROOT mime-types@2.1.35 OK for: form-data@4.0.5 want: ^2.1.12
75 silly fetch manifest delayed-stream@~1.0.0
76 silly fetch manifest es-errors@^1.3.0
77 silly fetch manifest get-intrinsic@^1.2.6
78 silly fetch manifest has-tostringtag@^1.0.2
79 silly fetch manifest function-bind@^1.1.2
80 silly fetch manifest mime-db@1.52.0
81 http fetch GET 200 https://registry.npmjs.org/function-bind 52ms (cache miss)
82 http fetch GET 200 https://registry.npmjs.org/es-errors 54ms (cache miss)
83 http fetch GET 200 https://registry.npmjs.org/get-intrinsic 58ms (cache miss)
84 http fetch GET 200 https://registry.npmjs.org/delayed-stream 62ms (cache miss)
85 http fetch GET 200 https://registry.npmjs.org/mime-db 61ms (cache miss)
86 http fetch GET 200 https://registry.npmjs.org/has-tostringtag 268ms (cache miss)
87 timing idealTree:node_modules/form-data Completed in 290ms
88 timing idealTree:node_modules/asynckit Completed in 0ms
89 silly placeDep ROOT delayed-stream@1.0.0 OK for: combined-stream@1.0.8 want: ~1.0.0
90 timing idealTree:node_modules/combined-stream Completed in 3ms
91 timing idealTree:node_modules/delayed-stream Completed in 0ms
92 silly placeDep ROOT es-errors@1.3.0 OK for: es-set-tostringtag@2.1.0 want: ^1.3.0
93 silly placeDep ROOT get-intrinsic@1.3.0 OK for: es-set-tostringtag@2.1.0 want: ^1.2.6
94 silly placeDep ROOT has-tostringtag@1.0.2 OK for: es-set-tostringtag@2.1.0 want: ^1.0.2
95 silly fetch manifest gopd@^1.2.0
96 silly fetch manifest get-proto@^1.0.1
97 silly fetch manifest has-symbols@^1.1.0
98 silly fetch manifest es-object-atoms@^1.1.1
99 silly fetch manifest math-intrinsics@^1.1.0
100 silly fetch manifest es-define-property@^1.0.1
101 silly fetch manifest call-bind-apply-helpers@^1.0.2
102 silly fetch manifest has-symbols@^1.0.3
103 http fetch GET 200 https://registry.npmjs.org/es-object-atoms 98ms (cache miss)
104 http fetch GET 200 https://registry.npmjs.org/gopd 103ms (cache miss)
105 http fetch GET 200 https://registry.npmjs.org/math-intrinsics 98ms (cache miss)
106 http fetch GET 200 https://registry.npmjs.org/es-define-property 97ms (cache miss)
107 http fetch GET 200 https://registry.npmjs.org/get-proto 104ms (cache miss)
108 http fetch GET 200 https://registry.npmjs.org/has-symbols 110ms (cache miss)
109 http fetch GET 200 https://registry.npmjs.org/has-symbols 106ms (cache miss)
110 http fetch GET 200 https://registry.npmjs.org/call-bind-apply-helpers 110ms (cache miss)
111 timing idealTree:node_modules/es-set-tostringtag Completed in 130ms
112 timing idealTree:node_modules/es-errors Completed in 0ms
113 silly placeDep ROOT call-bind-apply-helpers@1.0.2 OK for: get-intrinsic@1.3.0 want: ^1.0.2
114 silly placeDep ROOT es-define-property@1.0.1 OK for: get-intrinsic@1.3.0 want: ^1.0.1
115 silly placeDep ROOT es-object-atoms@1.1.2 OK for: get-intrinsic@1.3.0 want: ^1.1.1
116 silly placeDep ROOT function-bind@1.1.2 OK for: get-intrinsic@1.3.0 want: ^1.1.2
117 silly placeDep ROOT get-proto@1.0.1 OK for: get-intrinsic@1.3.0 want: ^1.0.1
118 silly placeDep ROOT gopd@1.2.0 OK for: get-intrinsic@1.3.0 want: ^1.2.0
119 silly placeDep ROOT has-symbols@1.1.0 OK for: get-intrinsic@1.3.0 want: ^1.1.0
120 silly placeDep ROOT math-intrinsics@1.1.0 OK for: get-intrinsic@1.3.0 want: ^1.1.0
121 silly fetch manifest dunder-proto@^1.0.1
122 http fetch GET 200 https://registry.npmjs.org/dunder-proto 47ms (cache miss)
123 timing idealTree:node_modules/get-intrinsic Completed in 61ms
124 timing idealTree:node_modules/call-bind-apply-helpers Completed in 0ms
125 timing idealTree:node_modules/es-define-property Completed in 0ms
126 timing idealTree:node_modules/es-object-atoms Completed in 0ms
127 timing idealTree:node_modules/function-bind Completed in 0ms
128 silly placeDep ROOT dunder-proto@1.0.1 OK for: get-proto@1.0.1 want: ^1.0.1
129 timing idealTree:node_modules/get-proto Completed in 4ms
130 timing idealTree:node_modules/dunder-proto Completed in 0ms
131 timing idealTree:node_modules/gopd Completed in 0ms
132 timing idealTree:node_modules/has-symbols Completed in 0ms
133 timing idealTree:node_modules/has-tostringtag Completed in 0ms
134 timing idealTree:node_modules/hasown Completed in 0ms
135 silly placeDep ROOT agent-base@6.0.2 OK for: https-proxy-agent@5.0.1 want: 6
136 silly placeDep ROOT debug@4.4.3 OK for: https-proxy-agent@5.0.1 want: 4
137 silly fetch manifest ms@^2.1.3
138 http fetch GET 200 https://registry.npmjs.org/ms 10ms (cache hit)
139 timing idealTree:node_modules/https-proxy-agent Completed in 17ms
140 timing idealTree:node_modules/agent-base Completed in 0ms
141 silly placeDep ROOT ms@2.1.3 OK for: debug@4.4.3 want: ^2.1.3
142 timing idealTree:node_modules/debug Completed in 2ms
143 timing idealTree:node_modules/math-intrinsics Completed in 0ms
144 silly placeDep ROOT mime-db@1.52.0 OK for: mime-types@2.1.35 want: 1.52.0
145 timing idealTree:node_modules/mime-types Completed in 1ms
146 timing idealTree:node_modules/mime-db Completed in 0ms
147 timing idealTree:node_modules/ms Completed in 0ms
148 timing idealTree:node_modules/proxy-from-env Completed in 0ms
149 timing idealTree:buildDeps Completed in 2386ms
150 timing idealTree:fixDepFlags Completed in 1ms
151 timing idealTree Completed in 2411ms
152 timing reify:loadTrees Completed in 2413ms
153 timing reify:diffTrees Completed in 3ms
154 silly reify moves {}
155 timing reify:retireShallow Completed in 2ms
156 timing reify:createSparse Completed in 11ms
157 timing reify:loadBundles Completed in 0ms
158 silly tarball no local data for mime-db@https://registry.npmjs.org/mime-db/-/mime-db-1.52.0.tgz. Extracting by manifest.
159 silly tarball no local data for debug@https://registry.npmjs.org/debug/-/debug-4.4.3.tgz. Extracting by manifest.
160 silly tarball no local data for ms@https://registry.npmjs.org/ms/-/ms-2.1.3.tgz. Extracting by manifest.
161 silly tarball no local data for dunder-proto@https://registry.npmjs.org/dunder-proto/-/dunder-proto-1.0.1.tgz. Extracting by manifest.
162 silly tarball no local data for agent-base@https://registry.npmjs.org/agent-base/-/agent-base-6.0.2.tgz. Extracting by manifest.
163 silly tarball no local data for math-intrinsics@https://registry.npmjs.org/math-intrinsics/-/math-intrinsics-1.1.0.tgz. Extracting by manifest.
164 silly tarball no local data for gopd@https://registry.npmjs.org/gopd/-/gopd-1.2.0.tgz. Extracting by manifest.
165 silly tarball no local data for get-proto@https://registry.npmjs.org/get-proto/-/get-proto-1.0.1.tgz. Extracting by manifest.
166 silly tarball no local data for has-symbols@https://registry.npmjs.org/has-symbols/-/has-symbols-1.1.0.tgz. Extracting by manifest.
167 silly tarball no local data for function-bind@https://registry.npmjs.org/function-bind/-/function-bind-1.1.2.tgz. Extracting by manifest.
168 silly tarball no local data for es-define-property@https://registry.npmjs.org/es-define-property/-/es-define-property-1.0.1.tgz. Extracting by manifest.
169 silly tarball no local data for es-object-atoms@https://registry.npmjs.org/es-object-atoms/-/es-object-atoms-1.1.2.tgz. Extracting by manifest.
170 silly tarball no local data for call-bind-apply-helpers@https://registry.npmjs.org/call-bind-apply-helpers/-/call-bind-apply-helpers-1.0.2.tgz. Extracting by manifest.
171 silly tarball no local data for has-tostringtag@https://registry.npmjs.org/has-tostringtag/-/has-tostringtag-1.0.2.tgz. Extracting by manifest.
172 silly tarball no local data for es-errors@https://registry.npmjs.org/es-errors/-/es-errors-1.3.0.tgz. Extracting by manifest.
173 silly tarball no local data for get-intrinsic@https://registry.npmjs.org/get-intrinsic/-/get-intrinsic-1.3.0.tgz. Extracting by manifest.
174 silly tarball no local data for delayed-stream@https://registry.npmjs.org/delayed-stream/-/delayed-stream-1.0.0.tgz. Extracting by manifest.
175 silly tarball no local data for mime-types@https://registry.npmjs.org/mime-types/-/mime-types-2.1.35.tgz. Extracting by manifest.
176 silly tarball no local data for hasown@https://registry.npmjs.org/hasown/-/hasown-2.0.3.tgz. Extracting by manifest.
177 silly tarball no local data for combined-stream@https://registry.npmjs.org/combined-stream/-/combined-stream-1.0.8.tgz. Extracting by manifest.
178 silly tarball no local data for es-set-tostringtag@https://registry.npmjs.org/es-set-tostringtag/-/es-set-tostringtag-2.1.0.tgz. Extracting by manifest.
179 silly tarball no local data for asynckit@https://registry.npmjs.org/asynckit/-/asynckit-0.4.0.tgz. Extracting by manifest.
180 silly tarball no local data for proxy-from-env@https://registry.npmjs.org/proxy-from-env/-/proxy-from-env-2.1.0.tgz. Extracting by manifest.
181 silly tarball no local data for https-proxy-agent@https://registry.npmjs.org/https-proxy-agent/-/https-proxy-agent-5.0.1.tgz. Extracting by manifest.
182 silly tarball no local data for form-data@https://registry.npmjs.org/form-data/-/form-data-4.0.5.tgz. Extracting by manifest.
183 silly tarball no local data for follow-redirects@https://registry.npmjs.org/follow-redirects/-/follow-redirects-1.16.0.tgz. Extracting by manifest.
184 silly tarball no local data for axios@https://registry.npmjs.org/axios/-/axios-1.16.1.tgz. Extracting by manifest.
185 http fetch GET 200 https://registry.npmjs.org/agent-base/-/agent-base-6.0.2.tgz 313ms (cache miss)
186 http fetch GET 200 https://registry.npmjs.org/ms/-/ms-2.1.3.tgz 341ms (cache miss)
187 timing reifyNode:node_modules/ms Completed in 385ms
188 http fetch GET 200 https://registry.npmjs.org/dunder-proto/-/dunder-proto-1.0.1.tgz 352ms (cache miss)
189 timing reifyNode:node_modules/dunder-proto Completed in 398ms
190 http fetch GET 200 https://registry.npmjs.org/delayed-stream/-/delayed-stream-1.0.0.tgz 328ms (cache miss)
191 timing reifyNode:node_modules/delayed-stream Completed in 408ms
192 timing reifyNode:node_modules/agent-base Completed in 410ms
193 http fetch GET 200 https://registry.npmjs.org/combined-stream/-/combined-stream-1.0.8.tgz 324ms (cache miss)
194 timing reifyNode:node_modules/combined-stream Completed in 410ms
195 http fetch GET 200 https://registry.npmjs.org/gopd/-/gopd-1.2.0.tgz 359ms (cache miss)
196 http fetch GET 200 https://registry.npmjs.org/hasown/-/hasown-2.0.3.tgz 328ms (cache miss)
197 http fetch GET 200 https://registry.npmjs.org/mime-types/-/mime-types-2.1.35.tgz 334ms (cache miss)
198 timing reifyNode:node_modules/mime-types Completed in 417ms
199 timing reifyNode:node_modules/hasown Completed in 429ms
200 timing reifyNode:node_modules/gopd Completed in 430ms
201 http fetch GET 200 https://registry.npmjs.org/get-proto/-/get-proto-1.0.1.tgz 377ms (cache miss)
202 timing reifyNode:node_modules/get-proto Completed in 449ms
203 http fetch GET 200 https://registry.npmjs.org/mime-db/-/mime-db-1.52.0.tgz 421ms (cache miss)
204 timing reifyNode:node_modules/mime-db Completed in 458ms
205 http fetch GET 200 https://registry.npmjs.org/debug/-/debug-4.4.3.tgz 429ms (cache miss)
206 timing reifyNode:node_modules/debug Completed in 469ms
207 http fetch GET 200 https://registry.npmjs.org/es-set-tostringtag/-/es-set-tostringtag-2.1.0.tgz 379ms (cache miss)
208 timing reifyNode:node_modules/es-set-tostringtag Completed in 471ms
209 http fetch GET 200 https://registry.npmjs.org/https-proxy-agent/-/https-proxy-agent-5.0.1.tgz 377ms (cache miss)
210 http fetch GET 200 https://registry.npmjs.org/proxy-from-env/-/proxy-from-env-2.1.0.tgz 385ms (cache miss)
211 timing reifyNode:node_modules/proxy-from-env Completed in 480ms
212 http fetch GET 200 https://registry.npmjs.org/get-intrinsic/-/get-intrinsic-1.3.0.tgz 405ms (cache miss)
213 timing reifyNode:node_modules/get-intrinsic Completed in 483ms
214 timing reifyNode:node_modules/https-proxy-agent Completed in 483ms
215 http fetch GET 200 https://registry.npmjs.org/has-tostringtag/-/has-tostringtag-1.0.2.tgz 412ms (cache miss)
216 timing reifyNode:node_modules/has-tostringtag Completed in 486ms
217 http fetch GET 200 https://registry.npmjs.org/es-define-property/-/es-define-property-1.0.1.tgz 417ms (cache miss)
218 timing reifyNode:node_modules/es-define-property Completed in 491ms
219 http fetch GET 200 https://registry.npmjs.org/es-object-atoms/-/es-object-atoms-1.1.2.tgz 425ms (cache miss)
220 http fetch GET 200 https://registry.npmjs.org/asynckit/-/asynckit-0.4.0.tgz 435ms (cache miss)
221 timing reifyNode:node_modules/asynckit Completed in 525ms
222 http fetch GET 200 https://registry.npmjs.org/call-bind-apply-helpers/-/call-bind-apply-helpers-1.0.2.tgz 455ms (cache miss)
223 http fetch GET 200 https://registry.npmjs.org/follow-redirects/-/follow-redirects-1.16.0.tgz 425ms (cache miss)
224 timing reifyNode:node_modules/follow-redirects Completed in 525ms
225 http fetch GET 200 https://registry.npmjs.org/function-bind/-/function-bind-1.1.2.tgz 460ms (cache miss)
226 timing reifyNode:node_modules/function-bind Completed in 527ms
227 timing reifyNode:node_modules/es-object-atoms Completed in 527ms
228 http fetch GET 200 https://registry.npmjs.org/math-intrinsics/-/math-intrinsics-1.1.0.tgz 476ms (cache miss)
229 http fetch GET 200 https://registry.npmjs.org/form-data/-/form-data-4.0.5.tgz 429ms (cache miss)
230 timing reifyNode:node_modules/form-data Completed in 528ms
231 timing reifyNode:node_modules/call-bind-apply-helpers Completed in 530ms
232 timing reifyNode:node_modules/math-intrinsics Completed in 531ms
233 http fetch GET 200 https://registry.npmjs.org/es-errors/-/es-errors-1.3.0.tgz 456ms (cache miss)
234 http fetch GET 200 https://registry.npmjs.org/has-symbols/-/has-symbols-1.1.0.tgz 475ms (cache miss)
235 timing reifyNode:node_modules/has-symbols Completed in 535ms
236 timing reifyNode:node_modules/es-errors Completed in 535ms
237 http fetch GET 200 https://registry.npmjs.org/axios/-/axios-1.16.1.tgz 1159ms (cache miss)
238 timing reifyNode:node_modules/axios Completed in 1261ms
239 timing reify:unpack Completed in 1266ms
240 timing reify:unretire Completed in 0ms
241 timing build:queue Completed in 4ms
242 timing build:deps Completed in 5ms
243 timing build Completed in 5ms
244 timing reify:build Completed in 5ms
245 timing reify:trash Completed in 0ms
246 timing reify:save Completed in 18ms
247 timing reify Completed in 3732ms
248 silly ADD node_modules/mime-db
249 silly ADD node_modules/ms
250 silly ADD node_modules/debug
251 silly ADD node_modules/agent-base
252 silly ADD node_modules/dunder-proto
253 silly ADD node_modules/math-intrinsics
254 silly ADD node_modules/has-symbols
255 silly ADD node_modules/gopd
256 silly ADD node_modules/get-proto
257 silly ADD node_modules/function-bind
258 silly ADD node_modules/es-object-atoms
259 silly ADD node_modules/es-define-property
260 silly ADD node_modules/call-bind-apply-helpers
261 silly ADD node_modules/has-tostringtag
262 silly ADD node_modules/get-intrinsic
263 silly ADD node_modules/es-errors
264 silly ADD node_modules/delayed-stream
265 silly ADD node_modules/mime-types
266 silly ADD node_modules/hasown
267 silly ADD node_modules/es-set-tostringtag
268 silly ADD node_modules/combined-stream
269 silly ADD node_modules/asynckit
270 silly ADD node_modules/proxy-from-env
271 silly ADD node_modules/https-proxy-agent
272 silly ADD node_modules/form-data
273 silly ADD node_modules/follow-redirects
274 silly ADD node_modules/axios
275 timing command:install Completed in 3743ms
276 verbose exit 0
277 timing npm Completed in 3867ms
278 info ok
