0 verbose cli /usr/bin/node /usr/bin/npm
1 info using npm@9.2.0
2 info using node@v18.19.1
3 timing npm:load:whichnode Completed in 1ms
4 timing config:load:defaults Completed in 3ms
5 timing config:load:file:/usr/share/nodejs/npm/npmrc Completed in 201312ms
6 timing config:load:builtin Completed in 201312ms
7 timing config:load:cli Completed in 3ms
8 timing config:load:env Completed in 1ms
9 timing config:load:file:/home/naveen/devops-project/frontend/.npmrc Completed in 0ms
10 timing config:load:project Completed in 3ms
11 timing config:load:file:/home/naveen/.npmrc Completed in 0ms
12 timing config:load:user Completed in 1ms
13 timing config:load:file:/etc/npmrc Completed in 0ms
14 timing config:load:global Completed in 0ms
15 timing config:load:setEnvs Completed in 1ms
16 timing config:load Completed in 201325ms
17 timing npm:load:configload Completed in 201325ms
18 timing npm:load:mkdirpcache Completed in 0ms
19 timing npm:load:mkdirplogs Completed in 1ms
20 verbose title npm install axios
21 verbose argv "install" "axios"
22 timing npm:load:setTitle Completed in 2ms
23 timing config:load:flatten Completed in 4ms
24 timing npm:load:display Completed in 7ms
25 verbose logfile logs-max:10 dir:/home/naveen/.npm/_logs/2026-05-24T11_41_27_246Z-
26 verbose logfile /home/naveen/.npm/_logs/2026-05-24T11_41_27_246Z-debug-0.log
27 timing npm:load:logFile Completed in 13ms
28 timing npm:load:timers Completed in 0ms
29 timing npm:load:configScope Completed in 0ms
30 timing npm:load Completed in 201349ms
31 silly logfile done cleaning log files
32 timing config:load:flatten Completed in 0ms
33 timing arborist:ctor Completed in 2ms
34 timing arborist:ctor Completed in 1ms
35 timing idealTree:init Completed in 20ms
36 timing idealTree:userRequests Completed in 6ms
37 silly idealTree buildDeps
38 silly fetch manifest axios@*
39 http fetch GET 200 https://registry.npmjs.org/axios -200479ms (cache revalidated)
40 silly placeDep ROOT axios@1.16.1 OK for:  want: *
41 silly fetch manifest follow-redirects@^1.16.0
42 silly fetch manifest form-data@^4.0.5
43 silly fetch manifest https-proxy-agent@^5.0.1
44 silly fetch manifest proxy-from-env@^2.1.0
45 http fetch GET 200 https://registry.npmjs.org/form-data 122ms (cache revalidated)
46 http fetch GET 200 https://registry.npmjs.org/proxy-from-env 308ms (cache revalidated)
47 http fetch GET 200 https://registry.npmjs.org/follow-redirects 318ms (cache revalidated)
48 http fetch GET 200 https://registry.npmjs.org/https-proxy-agent 318ms (cache revalidated)
49 timing idealTree:#root Completed in -200116ms
50 silly placeDep ROOT follow-redirects@1.16.0 OK for: axios@1.16.1 want: ^1.16.0
51 silly placeDep ROOT form-data@4.0.5 OK for: axios@1.16.1 want: ^4.0.5
52 silly placeDep ROOT https-proxy-agent@5.0.1 OK for: axios@1.16.1 want: ^5.0.1
53 silly placeDep ROOT proxy-from-env@2.1.0 OK for: axios@1.16.1 want: ^2.1.0
54 silly fetch manifest asynckit@^0.4.0
55 silly fetch manifest combined-stream@^1.0.8
56 silly fetch manifest es-set-tostringtag@^2.1.0
57 silly fetch manifest hasown@^2.0.2
58 silly fetch manifest mime-types@^2.1.12
59 silly fetch manifest debug@4
60 silly fetch manifest agent-base@6
61 http fetch GET 200 https://registry.npmjs.org/combined-stream 69ms (cache revalidated)
62 http fetch GET 200 https://registry.npmjs.org/es-set-tostringtag 70ms (cache revalidated)
63 http fetch GET 200 https://registry.npmjs.org/hasown 72ms (cache revalidated)
64 http fetch GET 200 https://registry.npmjs.org/agent-base 312ms (cache revalidated)
65 http fetch GET 200 https://registry.npmjs.org/debug 320ms (cache revalidated)
66 http fetch GET 200 https://registry.npmjs.org/mime-types 413ms (cache revalidated)
67 http fetch GET 200 https://registry.npmjs.org/asynckit 863ms (cache revalidated)
68 timing idealTree:node_modules/axios Completed in 895ms
69 timing idealTree:node_modules/follow-redirects Completed in 0ms
70 silly placeDep ROOT asynckit@0.4.0 OK for: form-data@4.0.5 want: ^0.4.0
71 silly placeDep ROOT combined-stream@1.0.8 OK for: form-data@4.0.5 want: ^1.0.8
72 silly placeDep ROOT es-set-tostringtag@2.1.0 OK for: form-data@4.0.5 want: ^2.1.0
73 silly placeDep ROOT hasown@2.0.3 OK for: form-data@4.0.5 want: ^2.0.2
74 silly placeDep ROOT mime-types@2.1.35 OK for: form-data@4.0.5 want: ^2.1.12
75 silly fetch manifest delayed-stream@~1.0.0
76 silly fetch manifest es-errors@^1.3.0
77 silly fetch manifest get-intrinsic@^1.2.6
78 silly fetch manifest has-tostringtag@^1.0.2
79 silly fetch manifest function-bind@^1.1.2
80 silly fetch manifest mime-db@1.52.0
81 http fetch GET 200 https://registry.npmjs.org/get-intrinsic 66ms (cache revalidated)
82 http fetch GET 200 https://registry.npmjs.org/has-tostringtag 67ms (cache revalidated)
83 http fetch GET 200 https://registry.npmjs.org/es-errors 72ms (cache revalidated)
84 http fetch GET 200 https://registry.npmjs.org/mime-db 67ms (cache revalidated)
85 http fetch GET 200 https://registry.npmjs.org/function-bind 73ms (cache revalidated)
86 http fetch GET 200 https://registry.npmjs.org/delayed-stream 440ms (cache revalidated)
87 timing idealTree:node_modules/form-data Completed in 464ms
88 timing idealTree:node_modules/asynckit Completed in 0ms
89 silly placeDep ROOT delayed-stream@1.0.0 OK for: combined-stream@1.0.8 want: ~1.0.0
90 timing idealTree:node_modules/combined-stream Completed in 3ms
91 timing idealTree:node_modules/delayed-stream Completed in 0ms
92 silly placeDep ROOT es-errors@1.3.0 OK for: es-set-tostringtag@2.1.0 want: ^1.3.0
93 silly placeDep ROOT get-intrinsic@1.3.0 OK for: es-set-tostringtag@2.1.0 want: ^1.2.6
94 silly placeDep ROOT has-tostringtag@1.0.2 OK for: es-set-tostringtag@2.1.0 want: ^1.0.2
95 silly fetch manifest gopd@^1.2.0
96 silly fetch manifest get-proto@^1.0.1
97 silly fetch manifest has-symbols@^1.1.0
98 silly fetch manifest es-object-atoms@^1.1.1
99 silly fetch manifest math-intrinsics@^1.1.0
100 silly fetch manifest es-define-property@^1.0.1
101 silly fetch manifest call-bind-apply-helpers@^1.0.2
102 silly fetch manifest has-symbols@^1.0.3
103 http fetch GET 200 https://registry.npmjs.org/has-symbols 133ms (cache revalidated)
104 http fetch GET 200 https://registry.npmjs.org/has-symbols 127ms (cache revalidated)
105 http fetch GET 200 https://registry.npmjs.org/get-proto 138ms (cache revalidated)
106 http fetch GET 200 https://registry.npmjs.org/call-bind-apply-helpers 132ms (cache revalidated)
107 http fetch GET 200 https://registry.npmjs.org/gopd 141ms (cache revalidated)
108 http fetch GET 200 https://registry.npmjs.org/math-intrinsics 137ms (cache revalidated)
109 http fetch GET 200 https://registry.npmjs.org/es-object-atoms 328ms (cache revalidated)
110 http fetch GET 200 https://registry.npmjs.org/es-define-property 557ms (cache revalidated)
111 timing idealTree:node_modules/es-set-tostringtag Completed in 577ms
112 timing idealTree:node_modules/es-errors Completed in 0ms
113 silly placeDep ROOT call-bind-apply-helpers@1.0.2 OK for: get-intrinsic@1.3.0 want: ^1.0.2
114 silly placeDep ROOT es-define-property@1.0.1 OK for: get-intrinsic@1.3.0 want: ^1.0.1
115 silly placeDep ROOT es-object-atoms@1.1.2 OK for: get-intrinsic@1.3.0 want: ^1.1.1
116 silly placeDep ROOT function-bind@1.1.2 OK for: get-intrinsic@1.3.0 want: ^1.1.2
117 silly placeDep ROOT get-proto@1.0.1 OK for: get-intrinsic@1.3.0 want: ^1.0.1
118 silly placeDep ROOT gopd@1.2.0 OK for: get-intrinsic@1.3.0 want: ^1.2.0
119 silly placeDep ROOT has-symbols@1.1.0 OK for: get-intrinsic@1.3.0 want: ^1.1.0
120 silly placeDep ROOT math-intrinsics@1.1.0 OK for: get-intrinsic@1.3.0 want: ^1.1.0
121 silly fetch manifest dunder-proto@^1.0.1
122 http fetch GET 200 https://registry.npmjs.org/dunder-proto 132ms (cache revalidated)
123 timing idealTree:node_modules/get-intrinsic Completed in 154ms
124 timing idealTree:node_modules/call-bind-apply-helpers Completed in 0ms
125 timing idealTree:node_modules/es-define-property Completed in 0ms
126 timing idealTree:node_modules/es-object-atoms Completed in 0ms
127 timing idealTree:node_modules/function-bind Completed in 0ms
128 silly placeDep ROOT dunder-proto@1.0.1 OK for: get-proto@1.0.1 want: ^1.0.1
129 timing idealTree:node_modules/get-proto Completed in 3ms
130 timing idealTree:node_modules/dunder-proto Completed in 0ms
131 timing idealTree:node_modules/gopd Completed in 0ms
132 timing idealTree:node_modules/has-symbols Completed in 0ms
133 timing idealTree:node_modules/has-tostringtag Completed in 0ms
134 timing idealTree:node_modules/hasown Completed in 0ms
135 silly placeDep ROOT agent-base@6.0.2 OK for: https-proxy-agent@5.0.1 want: 6
136 silly placeDep ROOT debug@4.4.3 OK for: https-proxy-agent@5.0.1 want: 4
137 silly fetch manifest ms@^2.1.3
138 http fetch GET 200 https://registry.npmjs.org/ms 71ms (cache revalidated)
139 timing idealTree:node_modules/https-proxy-agent Completed in 79ms
140 timing idealTree:node_modules/agent-base Completed in 0ms
141 silly placeDep ROOT ms@2.1.3 OK for: debug@4.4.3 want: ^2.1.3
142 timing idealTree:node_modules/debug Completed in 4ms
143 timing idealTree:node_modules/math-intrinsics Completed in 0ms
144 silly placeDep ROOT mime-db@1.52.0 OK for: mime-types@2.1.35 want: 1.52.0
145 timing idealTree:node_modules/mime-types Completed in 4ms
146 timing idealTree:node_modules/mime-db Completed in 0ms
147 timing idealTree:node_modules/ms Completed in 0ms
148 timing idealTree:node_modules/proxy-from-env Completed in 0ms
149 timing idealTree:buildDeps Completed in -197928ms
150 timing idealTree:fixDepFlags Completed in 1ms
151 timing idealTree Completed in -197898ms
152 timing reify:loadTrees Completed in -197895ms
153 timing reify:diffTrees Completed in 5ms
154 silly reify moves {}
155 timing reify:retireShallow Completed in 3ms
156 timing reify:createSparse Completed in 38ms
157 timing reify:loadBundles Completed in 0ms
158 timing reifyNode:node_modules/ms Completed in 214ms
159 timing reifyNode:node_modules/combined-stream Completed in 219ms
160 timing reifyNode:node_modules/proxy-from-env Completed in 220ms
161 timing reifyNode:node_modules/mime-types Completed in 229ms
162 timing reifyNode:node_modules/delayed-stream Completed in 230ms
163 timing reifyNode:node_modules/debug Completed in 241ms
164 timing reifyNode:node_modules/follow-redirects Completed in 253ms
165 timing reifyNode:node_modules/hasown Completed in 253ms
166 timing reifyNode:node_modules/es-set-tostringtag Completed in 263ms
167 timing reifyNode:node_modules/es-define-property Completed in 273ms
168 timing reifyNode:node_modules/agent-base Completed in 277ms
169 timing reifyNode:node_modules/https-proxy-agent Completed in 275ms
170 timing reifyNode:node_modules/gopd Completed in 276ms
171 timing reifyNode:node_modules/dunder-proto Completed in 280ms
172 timing reifyNode:node_modules/form-data Completed in 278ms
173 timing reifyNode:node_modules/get-intrinsic Completed in 278ms
174 timing reifyNode:node_modules/function-bind Completed in 281ms
175 timing reifyNode:node_modules/get-proto Completed in 281ms
176 timing reifyNode:node_modules/mime-db Completed in 284ms
177 timing reifyNode:node_modules/es-object-atoms Completed in 282ms
178 timing reifyNode:node_modules/asynckit Completed in 284ms
179 timing reifyNode:node_modules/has-tostringtag Completed in 284ms
180 timing reifyNode:node_modules/has-symbols Completed in 287ms
181 timing reifyNode:node_modules/call-bind-apply-helpers Completed in 287ms
182 timing reifyNode:node_modules/es-errors Completed in 287ms
183 timing reifyNode:node_modules/math-intrinsics Completed in 295ms
184 timing reifyNode:node_modules/axios Completed in 369ms
185 timing reify:unpack Completed in 373ms
186 timing reify:unretire Completed in 0ms
187 timing build:queue Completed in 3ms
188 timing build:deps Completed in 3ms
189 timing build Completed in 4ms
190 timing reify:build Completed in 4ms
191 timing reify:trash Completed in 0ms
192 timing reify:save Completed in 17ms
193 timing reify Completed in -197436ms
194 silly ADD node_modules/mime-db
195 silly ADD node_modules/ms
196 silly ADD node_modules/debug
197 silly ADD node_modules/agent-base
198 silly ADD node_modules/dunder-proto
199 silly ADD node_modules/math-intrinsics
200 silly ADD node_modules/has-symbols
201 silly ADD node_modules/gopd
202 silly ADD node_modules/get-proto
203 silly ADD node_modules/function-bind
204 silly ADD node_modules/es-object-atoms
205 silly ADD node_modules/es-define-property
206 silly ADD node_modules/call-bind-apply-helpers
207 silly ADD node_modules/has-tostringtag
208 silly ADD node_modules/get-intrinsic
209 silly ADD node_modules/es-errors
210 silly ADD node_modules/delayed-stream
211 silly ADD node_modules/mime-types
212 silly ADD node_modules/hasown
213 silly ADD node_modules/es-set-tostringtag
214 silly ADD node_modules/combined-stream
215 silly ADD node_modules/asynckit
216 silly ADD node_modules/proxy-from-env
217 silly ADD node_modules/https-proxy-agent
218 silly ADD node_modules/form-data
219 silly ADD node_modules/follow-redirects
220 silly ADD node_modules/axios
221 timing command:install Completed in -197423ms
222 verbose exit 0
223 timing npm Completed in 3977ms
224 info ok
