0 verbose cli /usr/bin/node /usr/bin/npm
1 info using npm@9.2.0
2 info using node@v18.19.1
3 timing npm:load:whichnode Completed in 0ms
4 timing config:load:defaults Completed in 3ms
5 timing config:load:file:/usr/share/nodejs/npm/npmrc Completed in 4ms
6 timing config:load:builtin Completed in 5ms
7 timing config:load:cli Completed in 2ms
8 timing config:load:env Completed in 1ms
9 timing config:load:file:/home/naveen/devops-project/backend/.npmrc Completed in 0ms
10 timing config:load:project Completed in 5ms
11 timing config:load:file:/home/naveen/.npmrc Completed in 0ms
12 timing config:load:user Completed in 1ms
13 timing config:load:file:/etc/npmrc Completed in 0ms
14 timing config:load:global Completed in 0ms
15 timing config:load:setEnvs Completed in 2ms
16 timing config:load Completed in 20ms
17 timing npm:load:configload Completed in 20ms
18 timing npm:load:mkdirpcache Completed in 1ms
19 timing npm:load:mkdirplogs Completed in 1ms
20 verbose title npm start
21 verbose argv "start"
22 timing npm:load:setTitle Completed in 2ms
23 timing config:load:flatten Completed in 6ms
24 timing npm:load:display Completed in 8ms
25 verbose logfile logs-max:10 dir:/home/naveen/.npm/_logs/2026-05-22T15_20_47_231Z-
26 verbose logfile /home/naveen/.npm/_logs/2026-05-22T15_20_47_231Z-debug-0.log
27 timing npm:load:logFile Completed in 9ms
28 timing npm:load:timers Completed in 0ms
29 timing npm:load:configScope Completed in 0ms
30 timing npm:load Completed in 41ms
31 silly logfile done cleaning log files
32 timing config:load:flatten Completed in 1ms
33 timing command:run-script Completed in 45ms
34 timing command:start Completed in 52ms
35 verbose stack Error: Missing script: "start"
35 verbose stack
35 verbose stack Did you mean one of these?
35 verbose stack     npm star # Mark your favorite packages
35 verbose stack     npm stars # View packages marked as favorites
35 verbose stack
35 verbose stack To see a list of scripts, run:
35 verbose stack   npm run
35 verbose stack     at RunScript.run (/usr/share/nodejs/npm/lib/commands/run-script.js:98:13)
35 verbose stack     at async module.exports (/usr/share/nodejs/npm/lib/cli.js:133:5)
36 verbose cwd /home/naveen/devops-project/backend
37 verbose Linux 5.15.167.4-microsoft-standard-WSL2
38 verbose node v18.19.1
39 verbose npm  v9.2.0
40 error Missing script: "start"
40 error
40 error Did you mean one of these?
40 error     npm star # Mark your favorite packages
40 error     npm stars # View packages marked as favorites
40 error
40 error To see a list of scripts, run:
40 error   npm run
41 verbose exit 1
42 timing npm Completed in 124ms
43 verbose code 1
44 error A complete log of this run can be found in:
44 error     /home/naveen/.npm/_logs/2026-05-22T15_20_47_231Z-debug-0.log
